[debug] [2025-05-11T14:22:35.334Z] ----------------------------------------------------------------------
[debug] [2025-05-11T14:22:35.339Z] Command:       C:\Program Files\nodejs\node.exe C:\Users\Borha\AppData\Roaming\npm\node_modules\firebase-tools\lib\bin\firebase.js init
[debug] [2025-05-11T14:22:35.339Z] CLI Version:   14.1.0
[debug] [2025-05-11T14:22:35.339Z] Platform:      win32
[debug] [2025-05-11T14:22:35.340Z] Node Version:  v22.11.0
[debug] [2025-05-11T14:22:35.340Z] Time:          Sun May 11 2025 20:22:35 GMT+0600 (Bangladesh Standard Time)
[debug] [2025-05-11T14:22:35.340Z] ----------------------------------------------------------------------
[debug] 
[debug] [2025-05-11T14:22:35.347Z] >>> [apiv2][query] GET https://firebase-public.firebaseio.com/cli.json [none]
[debug] [2025-05-11T14:22:35.430Z] > command requires scopes: ["email","openid","https://www.googleapis.com/auth/cloudplatformprojects.readonly","https://www.googleapis.com/auth/firebase","https://www.googleapis.com/auth/cloud-platform"]
[debug] [2025-05-11T14:22:35.431Z] > authorizing via signed-in user (borhanuddin979@gmail.com)
[info] 
     ######## #### ########  ######## ########     ###     ######  ########
     ##        ##  ##     ## ##       ##     ##  ##   ##  ##       ##
     ######    ##  ########  ######   ########  #########  ######  ######
     ##        ##  ##    ##  ##       ##     ## ##     ##       ## ##
     ##       #### ##     ## ######## ########  ##     ##  ######  ########

You're about to initialize a Firebase project in this directory:

  F:\Github-Repository\links-saver

[debug] [2025-05-11T14:22:36.381Z] <<< [apiv2][status] GET https://firebase-public.firebaseio.com/cli.json 200
[debug] [2025-05-11T14:22:36.382Z] <<< [apiv2][body] GET https://firebase-public.firebaseio.com/cli.json {"cloudBuildErrorAfter":1594252800000,"cloudBuildWarnAfter":1590019200000,"defaultNode10After":1594252800000,"minVersion":"3.0.5","node8DeploysDisabledAfter":1613390400000,"node8RuntimeDisabledAfter":1615809600000,"node8WarnAfter":1600128000000}
